// Jest Snapshot v1, https://goo.gl/fbAQLP

exports[`<Form/> Renders the <Form/> with an error 1`] = `
<div
  class="form__Container-sc-7952rh-0 SEPfC"
>
   
  <div
    class="form__Error-sc-7952rh-1 jmcCjM"
  >
    Your email address is already being used
  </div>
  <button
    class="form__Submit-sc-7952rh-8 kWcsU"
    type="submit"
  >
    Sign In
  </button>
</div>
`;

exports[`<Form/> Renders the <Form/> with populated data 1`] = `
<div
  class="form__Container-sc-7952rh-0 SEPfC"
>
   
  <h1
    class="form__Title-sc-7952rh-3 fCKYwV"
  >
    Sign In Now
  </h1>
  <form
    class="form__Base-sc-7952rh-2 klyPny"
  >
    <input
      class="form__Input-sc-7952rh-7 gUryur"
      placeholder="Email Address"
    />
    <input
      class="form__Input-sc-7952rh-7 gUryur"
      placeholder="Password"
      type="password"
    />
    <button
      class="form__Submit-sc-7952rh-8 kWcsU"
      disabled=""
      type="submit"
    >
      Sign In
    </button>
  </form>
  <p
    class="form__Text-sc-7952rh-4 fxUZEo"
  >
    New to Netflix? 
  </p>
  <p
    class="form__TextSmall-sc-7952rh-5 iEgvHc"
  >
    This page is protected by Google Recaptcha to ensure you are not a bot
  </p>
</div>
`;
