// Jest Snapshot v1, https://goo.gl/fbAQLP

exports[`<Loading/> Renders the <Loading ReleaseBody/> with populated data 1`] = `null`;

exports[`<Loading/> Renders the <Loading/> with populated data 1`] = `
<div
  class="sc-bdnxRM Krhwz"
  data-testid="loading"
>
  <img
    class="sc-gtsrHT ikuiYV"
    data-testid="loading-picture"
    src="/images/users/images/karl.png.png"
  />
</div>
`;
